2026-08-25 13:06:40,947 [INFO] app.db.repository: scanner repository connected to PostgreSQL (localhost:5432/trad_bot)
2026-08-25 13:06:41,079 [INFO] app.db.repository: scanner schema applied
2026-08-25 13:06:41,079 [INFO] scanner_runner: scanner started: symbols=['BTCUSDT', 'ETHUSDT'] scanners=7 interval=300s
2026-08-25 13:06:43,720 [INFO] app.scanners.orchestrator: scanner scan=1 symbol=BTCUSDT candidates=1 unique=1
2026-08-25 13:06:43,727 [INFO] scanner_runner: BTCUSDT: 1 setups (best: LONG TREND_PULLBACK score=25)
2026-08-25 13:06:46,068 [INFO] app.scanners.orchestrator: scanner scan=2 symbol=ETHUSDT candidates=1 unique=1
2026-08-25 13:06:46,071 [INFO] scanner_runner: ETHUSDT: 1 setups (best: LONG TREND_PULLBACK score=25)
2026-08-25 13:06:46,071 [INFO] scanner_runner: cycle #1 done: 2 setups in 5.0s
2026-08-25 13:11:51,081 [INFO] scanner_runner: cycle #2 done: 0 setups in 4.9s
2026-08-25 13:16:55,465 [INFO] scanner_runner: cycle #3 done: 0 setups in 4.2s
2026-08-25 13:21:57,983 [INFO] app.scanners.orchestrator: scanner scan=7 symbol=BTCUSDT candidates=1 unique=1
2026-08-25 13:21:57,986 [INFO] scanner_runner: BTCUSDT: 1 setups (best: SHORT BREAKOUT_RETEST score=40)
2026-08-25 13:22:00,216 [INFO] scanner_runner: cycle #4 done: 1 setups in 4.6s
2026-08-25 13:27:06,753 [INFO] scanner_runner: cycle #5 done: 0 setups in 6.4s
2026-08-25 13:32:12,784 [INFO] scanner_runner: cycle #6 done: 0 setups in 5.9s
2026-08-25 13:37:18,168 [INFO] scanner_runner: cycle #7 done: 0 setups in 5.2s
2026-08-25 13:42:23,438 [INFO] scanner_runner: cycle #8 done: 0 setups in 5.1s
2026-08-25 13:47:28,055 [INFO] app.scanners.orchestrator: scanner scan=17 symbol=BTCUSDT candidates=1 unique=1
2026-08-25 13:47:28,059 [INFO] scanner_runner: BTCUSDT: 1 setups (best: LONG TREND_PULLBACK score=25)
2026-08-25 13:47:32,397 [INFO] app.scanners.orchestrator: scanner scan=18 symbol=ETHUSDT candidates=1 unique=1
2026-08-25 13:47:32,400 [INFO] scanner_runner: ETHUSDT: 1 setups (best: LONG TREND_PULLBACK score=25)
2026-08-25 13:47:32,400 [INFO] scanner_runner: cycle #9 done: 2 setups in 8.8s
2026-08-25 13:47:48,387 [INFO] app.db.repository: scanner repository connected to PostgreSQL (localhost:5432/trad_bot)
2026-08-25 13:47:48,394 [INFO] app.db.repository: scanner schema applied
2026-08-25 13:47:48,395 [INFO] scanner_runner: scanner started: symbols=['BTCUSDT', 'ETHUSDT'] scanners=7 interval=300s
2026-08-25 13:47:50,951 [INFO] app.scanners.orchestrator: scanner scan=1 symbol=BTCUSDT candidates=1 unique=1
2026-08-25 13:47:50,978 [INFO] scanner_runner: BTCUSDT: 1 setups (best: LONG TREND_PULLBACK score=25)
2026-08-25 13:47:53,515 [INFO] app.scanners.orchestrator: scanner scan=2 symbol=ETHUSDT candidates=1 unique=1
2026-08-25 13:47:53,518 [INFO] scanner_runner: ETHUSDT: 1 setups (best: LONG TREND_PULLBACK score=25)
2026-08-25 13:47:53,518 [INFO] scanner_runner: cycle #1 done: 2 setups in 5.1s
2026-08-25 13:52:37,167 [INFO] app.scanners.orchestrator: scanner scan=20 symbol=ETHUSDT candidates=2 unique=1
2026-08-25 13:52:37,186 [INFO] scanner_runner: ETHUSDT: 1 setups (best: LONG VOLATILITY_COMPRESSION score=25)
2026-08-25 13:52:37,186 [INFO] scanner_runner: cycle #10 done: 1 setups in 4.6s
2026-08-25 13:52:58,155 [INFO] app.scanners.orchestrator: scanner scan=4 symbol=ETHUSDT candidates=2 unique=1
2026-08-25 13:57:43,521 [INFO] app.scanners.orchestrator: scanner scan=22 symbol=ETHUSDT candidates=1 unique=1
2026-08-25 13:57:43,525 [INFO] scanner_runner: ETHUSDT: 1 setups (best: SHORT VOLATILITY_COMPRESSION score=25)
2026-08-25 13:57:43,525 [INFO] scanner_runner: cycle #11 done: 1 setups in 6.2s
2026-08-25 14:00:21,536 [INFO] scanner_runner: ETHUSDT: 1 setups (best: LONG VOLATILITY_COMPRESSION score=25)
2026-08-25 14:00:21,537 [INFO] scanner_runner: cycle #2 done: 1 setups in 447.9s
2026-08-25 14:00:26,104 [INFO] scanner_runner: shutdown signal received
2026-08-25 14:00:26,541 [INFO] scanner_runner: scanner stopped
2026-08-25 14:00:49,407 [INFO] app.db.repository: scanner repository connected to PostgreSQL (localhost:5432/trad_bot)
2026-08-25 14:00:49,424 [INFO] app.db.repository: scanner schema applied
2026-08-25 14:00:49,425 [INFO] scanner_runner: scanner started: symbols=50 scanners=7 interval=300s universe=dynamic
2026-08-25 14:00:52,118 [INFO] app.scanners.orchestrator: scanner scan=1 symbol=BTCUSDT candidates=1 unique=1
2026-08-25 14:00:52,127 [INFO] scanner_runner: BTCUSDT: 1 setups (best: LONG TREND_PULLBACK score=25)
2026-08-25 14:01:06,505 [INFO] app.scanners.orchestrator: scanner scan=5 symbol=HYPEUSDT candidates=1 unique=1
2026-08-25 14:01:06,509 [INFO] scanner_runner: HYPEUSDT: 1 setups (best: SHORT SUPPORT_RESISTANCE_REACTION score=25)
2026-08-25 14:01:09,320 [INFO] app.scanners.orchestrator: scanner scan=6 symbol=ZECUSDT candidates=1 unique=1
2026-08-25 14:01:09,324 [INFO] scanner_runner: ZECUSDT: 1 setups (best: LONG TREND_PULLBACK score=25)
2026-08-25 14:01:14,001 [INFO] app.scanners.orchestrator: scanner scan=7 symbol=DOGEUSDT candidates=1 unique=1
2026-08-25 14:01:14,006 [INFO] scanner_runner: DOGEUSDT: 1 setups (best: LONG TREND_PULLBACK score=25)
2026-08-25 14:01:18,136 [INFO] app.scanners.orchestrator: scanner scan=8 symbol=SNDKUSDT candidates=1 unique=1
2026-08-25 14:01:18,140 [INFO] scanner_runner: SNDKUSDT: 1 setups (best: SHORT TREND_PULLBACK score=25)
2026-08-25 14:01:21,763 [INFO] app.scanners.orchestrator: scanner scan=9 symbol=SOXLUSDT candidates=1 unique=1
2026-08-25 14:01:21,766 [INFO] scanner_runner: SOXLUSDT: 1 setups (best: SHORT VOLATILITY_COMPRESSION score=30)
2026-08-25 14:02:10,991 [INFO] app.scanners.orchestrator: scanner scan=24 symbol=TAOUSDT candidates=1 unique=1
2026-08-25 14:02:10,995 [INFO] scanner_runner: TAOUSDT: 1 setups (best: LONG TREND_PULLBACK score=25)
2026-08-25 14:02:19,980 [INFO] app.scanners.orchestrator: scanner scan=26 symbol=VELVETUSDT candidates=2 unique=2
2026-08-25 14:02:19,994 [INFO] scanner_runner: VELVETUSDT: 2 setups (best: LONG VOLATILITY_COMPRESSION score=30)
2026-08-25 14:02:40,261 [INFO] app.scanners.orchestrator: scanner scan=32 symbol=SPCXUSDT candidates=1 unique=1
2026-08-25 14:02:40,371 [INFO] scanner_runner: SPCXUSDT: 1 setups (best: SHORT VOLATILITY_COMPRESSION score=30)
2026-08-25 14:02:51,528 [INFO] scanner_runner: cycle #12 done: 0 setups in 7.8s
2026-08-25 14:02:54,592 [INFO] app.scanners.orchestrator: scanner scan=36 symbol=MUUSDT candidates=1 unique=1
2026-08-25 14:02:54,596 [INFO] scanner_runner: MUUSDT: 1 setups (best: SHORT TREND_PULLBACK score=25)
2026-08-25 14:03:19,689 [ERROR] scanner_runner: scan failed for VIRTUALUSDT
Traceback (most recent call last):
  File "D:\py_pro\trad_bot\scanner_runner.py", line 55, in run_scan_cycle
    ctx = build_market_context(client, symbol, settings)
  File "D:\py_pro\trad_bot\app\scanners\context_builder.py", line 51, in build_market_context
    candles_5m = client.get_klines(symbol, "5", 200)
  File "D:\py_pro\trad_bot\app\exchange\bybit_client.py", line 56, in get_klines
    payload = self._public_get("/v5/market/kline", category="linear", symbol=symbol,
                               interval=interval, limit=limit)
  File "D:\py_pro\trad_bot\app\exchange\bybit_client.py", line 48, in _public_get
    response = self.session.get(self.BASE_URL + endpoint, params=params, timeout=10)
  File "D:\py_pro\trad_bot\app\exchange\bybit_client.py", line 33, in get
    return _Response(urlopen(url + "?" + urlencode(params), timeout=timeout))
                     ~~~~~~~^^^^^^^^^^^^^^^^^^^^^^^^^^^^^^^^^^^^^^^^^^^^^^^^
  File "D:\Python\Lib\urllib\request.py", line 189, in urlopen
    return opener.open(url, data, timeout)
           ~~~~~~~~~~~^^^^^^^^^^^^^^^^^^^^
  File "D:\Python\Lib\urllib\request.py", line 489, in open
    response = self._open(req, data)
  File "D:\Python\Lib\urllib\request.py", line 506, in _open
    result = self._call_chain(self.handle_open, protocol, protocol +
                              '_open', req)
  File "D:\Python\Lib\urllib\request.py", line 466, in _call_chain
    result = func(*args)
  File "D:\Python\Lib\urllib\request.py", line 1367, in https_open
    return self.do_open(http.client.HTTPSConnection, req,
           ~~~~~~~~~~~~^^^^^^^^^^^^^^^^^^^^^^^^^^^^^^^^^^
                        context=self._context)
                        ^^^^^^^^^^^^^^^^^^^^^^
  File "D:\Python\Lib\urllib\request.py", line 1323, in do_open
    r = h.getresponse()
  File "D:\Python\Lib\http\client.py", line 1459, in getresponse
    response.begin()
    ~~~~~~~~~~~~~~^^
  File "D:\Python\Lib\http\client.py", line 336, in begin
    version, status, reason = self._read_status()
                              ~~~~~~~~~~~~~~~~~^^
  File "D:\Python\Lib\http\client.py", line 297, in _read_status
    line = str(self.fp.readline(_MAXLINE + 1), "iso-8859-1")
               ~~~~~~~~~~~~~~~~^^^^^^^^^^^^^^
  File "D:\Python\Lib\socket.py", line 723, in readinto
    return self._sock.recv_into(b)
           ~~~~~~~~~~~~~~~~~~~~^^^
  File "D:\Python\Lib\ssl.py", line 1304, in recv_into
    return self.read(nbytes, buffer)
           ~~~~~~~~~^^^^^^^^^^^^^^^^
  File "D:\Python\Lib\ssl.py", line 1138, in read
    return self._sslobj.read(len, buffer)
           ~~~~~~~~~~~~~~~~~^^^^^^^^^^^^^
TimeoutError: The read operation timed out
2026-08-25 14:03:52,767 [INFO] app.scanners.orchestrator: scanner scan=49 symbol=SKHYUSDT candidates=2 unique=2
2026-08-25 14:03:52,773 [INFO] scanner_runner: SKHYUSDT: 2 setups (best: SHORT TREND_PULLBACK score=25)
2026-08-25 14:03:52,774 [INFO] scanner_runner: cycle #1 done: 13 setups in 183.3s
2026-08-25 14:07:56,061 [INFO] scanner_runner: cycle #13 done: 0 setups in 4.4s
2026-08-25 14:08:56,596 [INFO] app.scanners.orchestrator: scanner scan=50 symbol=BTCUSDT candidates=1 unique=1
2026-08-25 14:13:00,631 [INFO] scanner_runner: cycle #14 done: 0 setups in 4.4s
2026-08-25 14:15:32,112 [INFO] app.db.repository: scanner repository connected to PostgreSQL (localhost:5432/trad_bot)
2026-08-25 14:15:32,119 [INFO] app.db.repository: scanner schema applied
2026-08-25 14:15:32,119 [INFO] scanner_runner: scanner started: symbols=50 scanners=7 workers=5 interval=300s universe=dynamic
2026-08-25 14:15:34,631 [INFO] app.scanners.orchestrator: scanner scan=4 symbol=HYPEUSDT candidates=2 unique=2
2026-08-25 14:15:34,639 [INFO] scanner_runner: HYPEUSDT: 2 setups (best: LONG TREND_PULLBACK score=25)
2026-08-25 14:15:34,641 [INFO] app.scanners.orchestrator: scanner scan=5 symbol=SOLUSDT candidates=1 unique=1
2026-08-25 14:15:34,644 [INFO] scanner_runner: SOLUSDT: 1 setups (best: SHORT VOLATILITY_COMPRESSION score=25)
2026-08-25 14:15:36,401 [INFO] app.scanners.orchestrator: scanner scan=10 symbol=XAUUSDT candidates=1 unique=1
2026-08-25 14:15:36,405 [INFO] scanner_runner: XAUUSDT: 1 setups (best: LONG TREND_PULLBACK score=25)
2026-08-25 14:15:43,753 [INFO] app.scanners.orchestrator: scanner scan=20 symbol=LINKUSDT candidates=1 unique=1
2026-08-25 14:15:43,757 [INFO] scanner_runner: LINKUSDT: 1 setups (best: LONG TREND_PULLBACK score=25)
2026-08-25 14:15:45,905 [INFO] scanner_runner: shutdown signal received
2026-08-25 14:15:45,990 [INFO] app.scanners.orchestrator: scanner scan=24 symbol=ONDOUSDT candidates=1 unique=1
2026-08-25 14:15:45,994 [INFO] scanner_runner: ONDOUSDT: 1 setups (best: LONG TREND_PULLBACK score=25)
2026-08-25 14:15:48,786 [INFO] scanner_runner: shutdown signal received
2026-08-25 14:15:49,056 [INFO] app.scanners.orchestrator: scanner scan=28 symbol=PENGUUSDT candidates=1 unique=1
2026-08-25 14:15:49,060 [INFO] scanner_runner: PENGUUSDT: 1 setups (best: SHORT VOLATILITY_COMPRESSION score=25)
2026-08-25 14:15:51,853 [INFO] scanner_runner: shutdown signal received
2026-08-25 14:15:52,311 [INFO] scanner_runner: shutdown signal received
2026-08-25 14:15:52,880 [INFO] scanner_runner: shutdown signal received
2026-08-25 14:15:53,055 [INFO] scanner_runner: shutdown signal received
2026-08-25 14:15:53,926 [INFO] scanner_runner: shutdown signal received
2026-08-25 14:15:53,928 [INFO] app.scanners.orchestrator: scanner scan=34 symbol=BNBUSDT candidates=1 unique=1
2026-08-25 14:15:53,933 [INFO] scanner_runner: BNBUSDT: 1 setups (best: LONG TREND_PULLBACK score=25)
2026-08-25 14:15:54,678 [INFO] scanner_runner: shutdown signal received
2026-08-25 14:15:54,680 [INFO] app.scanners.orchestrator: scanner scan=35 symbol=XAUTUSDT candidates=1 unique=1
2026-08-25 14:15:54,683 [INFO] scanner_runner: XAUTUSDT: 1 setups (best: LONG TREND_PULLBACK score=25)
2026-08-25 14:15:54,958 [INFO] scanner_runner: shutdown signal received
2026-08-25 14:15:54,961 [INFO] app.scanners.orchestrator: scanner scan=37 symbol=LITUSDT candidates=1 unique=1
2026-08-25 14:15:54,965 [INFO] scanner_runner: LITUSDT: 1 setups (best: LONG TREND_PULLBACK score=25)
2026-08-25 14:15:55,275 [INFO] scanner_runner: shutdown signal received
2026-08-25 14:15:56,077 [INFO] scanner_runner: shutdown signal received
2026-08-25 14:15:57,333 [INFO] app.scanners.orchestrator: scanner scan=42 symbol=UNIUSDT candidates=1 unique=1
2026-08-25 14:15:57,339 [INFO] scanner_runner: UNIUSDT: 1 setups (best: LONG TREND_PULLBACK score=25)
2026-08-25 14:16:11,683 [INFO] scanner_runner: BTCUSDT: 1 setups (best: LONG TREND_PULLBACK score=25)
2026-08-25 14:16:14,019 [INFO] app.scanners.orchestrator: scanner scan=51 symbol=ETHUSDT candidates=1 unique=1
2026-08-25 14:16:14,212 [INFO] scanner_runner: ETHUSDT: 1 setups (best: LONG TREND_PULLBACK score=25)
2026-08-25 14:16:16,505 [INFO] app.scanners.orchestrator: scanner scan=52 symbol=SOLUSDT candidates=2 unique=2
2026-08-25 14:16:16,510 [INFO] scanner_runner: SOLUSDT: 2 setups (best: LONG TREND_PULLBACK score=25)
2026-08-25 14:16:16,746 [INFO] scanner_runner: shutdown signal received
2026-08-25 14:16:16,960 [INFO] scanner_runner: shutdown signal received
2026-08-25 14:16:18,137 [INFO] scanner_runner: shutdown signal received
2026-08-25 14:16:18,340 [INFO] scanner_runner: shutdown signal received
2026-08-25 14:16:20,137 [INFO] scanner_runner: shutdown signal received
2026-08-25 14:16:20,493 [INFO] scanner_runner: shutdown signal received
2026-08-25 14:16:20,508 [INFO] app.scanners.orchestrator: scanner scan=54 symbol=HYPEUSDT candidates=2 unique=2
2026-08-25 14:16:20,629 [INFO] scanner_runner: shutdown signal received
2026-08-25 14:16:20,759 [INFO] scanner_runner: shutdown signal received
2026-08-25 14:16:20,792 [INFO] scanner_runner: HYPEUSDT: 2 setups (best: LONG TREND_PULLBACK score=25)
2026-08-25 14:16:21,106 [INFO] scanner_runner: shutdown signal received
2026-08-25 14:16:21,242 [INFO] scanner_runner: shutdown signal received
2026-08-25 14:16:21,518 [INFO] scanner_runner: shutdown signal received
2026-08-25 14:16:21,763 [INFO] scanner_runner: shutdown signal received
2026-08-25 14:16:22,213 [INFO] scanner_runner: shutdown signal received
2026-08-25 14:16:22,267 [INFO] scanner_runner: shutdown signal received
2026-08-25 14:16:22,437 [INFO] scanner_runner: shutdown signal received
2026-08-25 14:16:22,509 [INFO] scanner_runner: shutdown signal received
2026-08-25 14:16:22,585 [INFO] scanner_runner: shutdown signal received
2026-08-25 14:16:22,845 [INFO] scanner_runner: shutdown signal received
2026-08-25 14:16:22,905 [INFO] scanner_runner: shutdown signal received
2026-08-25 14:16:23,108 [INFO] scanner_runner: shutdown signal received
2026-08-25 14:16:51,048 [WARNING] app.exchange.bybit_client: /v5/market/instruments-info: Bybit timeout, retry 1/3
2026-08-25 14:16:53,983 [INFO] app.db.repository: scanner repository connected to PostgreSQL (localhost:5432/trad_bot)
2026-08-25 14:16:53,990 [INFO] app.db.repository: scanner schema applied
2026-08-25 14:16:53,990 [INFO] scanner_runner: scanner started: symbols=50 scanners=7 workers=5 interval=300s universe=dynamic
2026-08-25 14:16:55,953 [INFO] app.scanners.orchestrator: scanner scan=1 symbol=XRPUSDT candidates=1 unique=1
2026-08-25 14:16:55,960 [INFO] scanner_runner: XRPUSDT: 1 setups (best: LONG TREND_PULLBACK score=25)
2026-08-25 14:16:55,961 [INFO] app.scanners.orchestrator: scanner scan=2 symbol=ETHUSDT candidates=1 unique=1
2026-08-25 14:16:55,964 [INFO] scanner_runner: ETHUSDT: 1 setups (best: SHORT SUPPORT_RESISTANCE_REACTION score=25)
2026-08-25 14:16:55,978 [INFO] app.scanners.orchestrator: scanner scan=3 symbol=HYPEUSDT candidates=2 unique=2
2026-08-25 14:16:55,986 [INFO] scanner_runner: HYPEUSDT: 2 setups (best: LONG TREND_PULLBACK score=25)
2026-08-25 14:16:55,987 [INFO] app.scanners.orchestrator: scanner scan=4 symbol=SOLUSDT candidates=1 unique=1
2026-08-25 14:16:55,989 [INFO] scanner_runner: SOLUSDT: 1 setups (best: SHORT VOLATILITY_COMPRESSION score=25)
2026-08-25 14:16:55,991 [INFO] app.scanners.orchestrator: scanner scan=5 symbol=BTCUSDT candidates=1 unique=1
2026-08-25 14:16:55,993 [INFO] scanner_runner: BTCUSDT: 1 setups (best: LONG TREND_PULLBACK score=25)
2026-08-25 14:16:59,718 [INFO] app.scanners.orchestrator: scanner scan=11 symbol=ENAUSDT candidates=1 unique=1
2026-08-25 14:16:59,723 [INFO] scanner_runner: ENAUSDT: 1 setups (best: SHORT VOLATILITY_COMPRESSION score=30)
2026-08-25 14:17:05,369 [INFO] app.scanners.orchestrator: scanner scan=21 symbol=LINKUSDT candidates=2 unique=2
2026-08-25 14:17:05,375 [INFO] scanner_runner: LINKUSDT: 2 setups (best: LONG TREND_PULLBACK score=25)
2026-08-25 14:17:06,109 [INFO] app.scanners.orchestrator: scanner scan=23 symbol=ONDOUSDT candidates=2 unique=2
2026-08-25 14:17:06,115 [INFO] scanner_runner: ONDOUSDT: 2 setups (best: LONG TREND_PULLBACK score=25)
2026-08-25 14:17:09,039 [INFO] app.scanners.orchestrator: scanner scan=27 symbol=PENGUUSDT candidates=1 unique=1
2026-08-25 14:17:09,042 [INFO] scanner_runner: PENGUUSDT: 1 setups (best: LONG VOLATILITY_COMPRESSION score=25)
2026-08-25 14:17:12,831 [INFO] app.scanners.orchestrator: scanner scan=31 symbol=WLDUSDT candidates=1 unique=1
2026-08-25 14:17:12,835 [INFO] scanner_runner: WLDUSDT: 1 setups (best: LONG TREND_PULLBACK score=25)
2026-08-25 14:17:14,338 [INFO] app.scanners.orchestrator: scanner scan=34 symbol=BNBUSDT candidates=1 unique=1
2026-08-25 14:17:14,341 [INFO] scanner_runner: BNBUSDT: 1 setups (best: LONG TREND_PULLBACK score=25)
2026-08-25 14:17:17,024 [INFO] app.scanners.orchestrator: scanner scan=36 symbol=LITUSDT candidates=1 unique=1
2026-08-25 14:17:17,027 [INFO] scanner_runner: LITUSDT: 1 setups (best: SHORT VOLATILITY_COMPRESSION score=30)
2026-08-25 14:17:18,065 [INFO] app.scanners.orchestrator: scanner scan=37 symbol=MUUSDT candidates=1 unique=1
2026-08-25 14:17:18,068 [INFO] scanner_runner: MUUSDT: 1 setups (best: SHORT TREND_PULLBACK score=25)
2026-08-25 14:17:22,250 [INFO] app.scanners.orchestrator: scanner scan=43 symbol=UNIUSDT candidates=1 unique=1
2026-08-25 14:17:22,254 [INFO] scanner_runner: UNIUSDT: 1 setups (best: LONG TREND_PULLBACK score=25)
2026-08-25 14:17:22,891 [INFO] app.scanners.orchestrator: scanner scan=46 symbol=MONUSDT candidates=2 unique=2
2026-08-25 14:17:22,897 [INFO] scanner_runner: MONUSDT: 2 setups (best: LONG TREND_PULLBACK score=25)
2026-08-25 14:17:24,257 [INFO] app.scanners.orchestrator: scanner scan=48 symbol=XLMUSDT candidates=1 unique=1
2026-08-25 14:17:24,261 [INFO] scanner_runner: XLMUSDT: 1 setups (best: LONG VOLATILITY_COMPRESSION score=30)
2026-08-25 14:17:24,638 [INFO] app.scanners.orchestrator: scanner scan=49 symbol=SKHYUSDT candidates=1 unique=1
2026-08-25 14:17:24,684 [INFO] scanner_runner: SKHYUSDT: 1 setups (best: SHORT TREND_PULLBACK score=25)
2026-08-25 14:17:24,688 [INFO] scanner_runner: cycle #1 done: 21 setups in 30.7s
2026-08-25 14:18:03,924 [INFO] app.scanners.orchestrator: scanner scan=29 symbol=BTCUSDT candidates=2 unique=2
2026-08-25 14:18:03,940 [INFO] scanner_runner: BTCUSDT: 2 setups (best: LONG TREND_PULLBACK score=25)
2026-08-25 14:18:07,813 [INFO] app.scanners.orchestrator: scanner scan=30 symbol=ETHUSDT candidates=1 unique=1
2026-08-25 14:18:07,815 [INFO] scanner_runner: ETHUSDT: 1 setups (best: LONG TREND_PULLBACK score=25)
2026-08-25 14:18:07,816 [INFO] scanner_runner: cycle #15 done: 3 setups in 7.0s
2026-08-25 14:21:56,095 [INFO] app.scanners.orchestrator: scanner scan=51 symbol=BTCUSDT candidates=1 unique=1
2026-08-25 14:21:56,100 [INFO] scanner_runner: BTCUSDT: 1 setups (best: LONG TREND_PULLBACK score=25)
2026-08-25 14:21:56,118 [INFO] app.scanners.orchestrator: scanner scan=52 symbol=SOLUSDT candidates=1 unique=1
2026-08-25 14:21:56,122 [INFO] scanner_runner: SOLUSDT: 1 setups (best: LONG TREND_PULLBACK score=25)
2026-08-25 14:21:56,196 [INFO] app.scanners.orchestrator: scanner scan=53 symbol=XRPUSDT candidates=1 unique=1
2026-08-25 14:21:56,202 [INFO] scanner_runner: XRPUSDT: 1 setups (best: LONG TREND_PULLBACK score=25)
2026-08-25 14:21:56,204 [INFO] app.scanners.orchestrator: scanner scan=54 symbol=ETHUSDT candidates=1 unique=1
2026-08-25 14:21:56,207 [INFO] scanner_runner: ETHUSDT: 1 setups (best: LONG TREND_PULLBACK score=25)
2026-08-25 14:21:56,456 [INFO] app.scanners.orchestrator: scanner scan=55 symbol=HYPEUSDT candidates=2 unique=2
2026-08-25 14:21:56,462 [INFO] scanner_runner: HYPEUSDT: 2 setups (best: LONG TREND_PULLBACK score=25)
2026-08-25 14:21:57,845 [INFO] app.scanners.orchestrator: scanner scan=56 symbol=ZECUSDT candidates=1 unique=1
2026-08-25 14:21:57,848 [INFO] scanner_runner: ZECUSDT: 1 setups (best: LONG TREND_PULLBACK score=25)
2026-08-25 14:21:58,125 [INFO] app.scanners.orchestrator: scanner scan=58 symbol=DOGEUSDT candidates=1 unique=1
2026-08-25 14:21:58,129 [INFO] scanner_runner: DOGEUSDT: 1 setups (best: LONG TREND_PULLBACK score=25)
2026-08-25 14:22:00,014 [INFO] app.scanners.orchestrator: scanner scan=63 symbol=1000PEPEUSDT candidates=1 unique=1
2026-08-25 14:22:00,018 [INFO] scanner_runner: 1000PEPEUSDT: 1 setups (best: LONG TREND_PULLBACK score=25)
2026-08-25 14:22:04,156 [INFO] app.scanners.orchestrator: scanner scan=72 symbol=LINKUSDT candidates=1 unique=1
2026-08-25 14:22:04,159 [INFO] scanner_runner: LINKUSDT: 1 setups (best: LONG TREND_PULLBACK score=25)
2026-08-25 14:22:04,567 [INFO] app.scanners.orchestrator: scanner scan=73 symbol=ONDOUSDT candidates=1 unique=1
2026-08-25 14:22:04,572 [INFO] scanner_runner: ONDOUSDT: 1 setups (best: LONG TREND_PULLBACK score=25)
2026-08-25 14:22:04,952 [INFO] app.scanners.orchestrator: scanner scan=74 symbol=TAOUSDT candidates=1 unique=1
2026-08-25 14:22:04,955 [INFO] scanner_runner: TAOUSDT: 1 setups (best: LONG TREND_PULLBACK score=25)
2026-08-25 14:22:06,313 [INFO] app.scanners.orchestrator: scanner scan=76 symbol=PENGUUSDT candidates=1 unique=1
2026-08-25 14:22:06,318 [INFO] scanner_runner: PENGUUSDT: 1 setups (best: LONG VOLATILITY_COMPRESSION score=25)
2026-08-25 14:22:06,320 [INFO] app.scanners.orchestrator: scanner scan=77 symbol=VELVETUSDT candidates=1 unique=1
2026-08-25 14:22:06,323 [INFO] scanner_runner: VELVETUSDT: 1 setups (best: LONG MOMENTUM_EXHAUSTION score=25)
2026-08-25 14:22:09,484 [INFO] app.scanners.orchestrator: scanner scan=80 symbol=WLDUSDT candidates=1 unique=1
2026-08-25 14:22:09,487 [INFO] scanner_runner: WLDUSDT: 1 setups (best: LONG TREND_PULLBACK score=25)
2026-08-25 14:22:12,093 [INFO] app.scanners.orchestrator: scanner scan=84 symbol=BNBUSDT candidates=1 unique=1
2026-08-25 14:22:12,096 [INFO] scanner_runner: BNBUSDT: 1 setups (best: LONG TREND_PULLBACK score=25)
2026-08-25 14:22:13,795 [INFO] app.scanners.orchestrator: scanner scan=86 symbol=LITUSDT candidates=1 unique=1
2026-08-25 14:22:13,798 [INFO] scanner_runner: LITUSDT: 1 setups (best: SHORT VOLATILITY_COMPRESSION score=25)
2026-08-25 14:22:17,077 [INFO] app.scanners.orchestrator: scanner scan=90 symbol=VIRTUALUSDT candidates=1 unique=1
2026-08-25 14:22:17,081 [INFO] scanner_runner: VIRTUALUSDT: 1 setups (best: LONG TREND_PULLBACK score=25)
2026-08-25 14:22:19,008 [INFO] app.scanners.orchestrator: scanner scan=92 symbol=MONUSDT candidates=1 unique=1
2026-08-25 14:22:19,011 [INFO] scanner_runner: MONUSDT: 1 setups (best: LONG TREND_PULLBACK score=25)
2026-08-25 14:22:20,512 [INFO] app.scanners.orchestrator: scanner scan=94 symbol=UNIUSDT candidates=1 unique=1
2026-08-25 14:22:20,516 [INFO] scanner_runner: UNIUSDT: 1 setups (best: LONG TREND_PULLBACK score=25)
2026-08-25 14:22:21,057 [INFO] app.scanners.orchestrator: scanner scan=95 symbol=WIFUSDT candidates=1 unique=1
2026-08-25 14:22:21,061 [INFO] scanner_runner: WIFUSDT: 1 setups (best: LONG TREND_PULLBACK score=25)
2026-08-25 14:22:24,235 [INFO] scanner_runner: cycle #2 done: 21 setups in 30.2s
2026-08-25 14:23:12,383 [INFO] scanner_runner: cycle #16 done: 0 setups in 4.4s
2026-08-25 14:27:00,515 [INFO] app.scanners.orchestrator: scanner scan=112 symbol=1000PEPEUSDT candidates=1 unique=1
2026-08-25 14:27:01,007 [INFO] scanner_runner: 1000PEPEUSDT: 1 setups (best: LONG TREND_PULLBACK score=25)
2026-08-25 14:27:04,759 [INFO] app.scanners.orchestrator: scanner scan=121 symbol=ONDOUSDT candidates=1 unique=1
2026-08-25 14:27:04,763 [INFO] scanner_runner: ONDOUSDT: 1 setups (best: LONG TREND_PULLBACK score=25)
2026-08-25 14:28:19,768 [INFO] scanner_runner: cycle #17 done: 0 setups in 7.2s
2026-08-25 14:33:24,685 [INFO] scanner_runner: cycle #18 done: 0 setups in 4.8s
2026-08-25 14:38:28,618 [INFO] app.scanners.orchestrator: scanner scan=37 symbol=BTCUSDT candidates=1 unique=1
2026-08-25 14:38:28,622 [ERROR] scanner_runner: scan failed for BTCUSDT
Traceback (most recent call last):
  File "D:\Python\Lib\site-packages\pg8000\legacy.py", line 256, in execute
    self._context = self._c.execute_unnamed(
                    ~~~~~~~~~~~~~~~~~~~~~~~^
        statement, vals=vals, oids=self._input_oids, stream=stream
        ^^^^^^^^^^^^^^^^^^^^^^^^^^^^^^^^^^^^^^^^^^^^^^^^^^^^^^^^^^
    )
    ^
  File "D:\Python\Lib\site-packages\pg8000\core.py", line 723, in execute_unnamed
    self.handle_messages(context)
    ~~~~~~~~~~~~~~~~~~~~^^^^^^^^^
  File "D:\Python\Lib\site-packages\pg8000\core.py", line 844, in handle_messages
    raise context.error
pg8000.exceptions.DatabaseError: {'S': 'ОШИБКА', 'V': 'ERROR', 'C': '23514', 'M': 'новая строка в отношении "scanner_setup" нарушает ограничение-проверку "scanner_setup_status_chk"', 'D': 'Ошибочная строка содержит (3ccd9976-35de-4013-8c2a-ad826a1bb0cf, TREND_PULLBACK, 1.0.0, 1, LONG, 1h, 15m, 5m, 2026-08-25 14:38:28.617925+03, 2026-08-25 14:38:28.617279+03, 79402.3, 78402.15423287914, 79588.37242082352, 78993.197, 80849.7276184608, 81935.29833230641, 25.0, null, READY, ["HTF_CONTEXT", "ACCEPTABLE_STOP"], {"rsi_cool": true, "htf_context": true, "pullback_to_ema": true,..., 2026-08-25 14:38:28.618936+03, 0, null, null, 2026-08-25 14:38:28.618936+03, null, null, null, null).', 's': 'dds', 't': 'scanner_setup', 'n': 'scanner_setup_status_chk', 'F': 'execMain.c', 'L': '2044', 'R': 'ExecConstraints'}

During handling of the above exception, another exception occurred:

Traceback (most recent call last):
  File "D:\py_pro\trad_bot\scanner_runner.py", line 57, in run_scan_cycle
  File "D:\py_pro\trad_bot\app\db\repository.py", line 87, in save_setup
  File "D:\py_pro\trad_bot\app\db\repository.py", line 97, in _save_pg
            "VALUES (now(), %s, %s, 'RUNNING') RETURNING run_id",
            ^^^^^^^^^^^^^^^^^^^^^^^^^^^^^^^^^^^^^^^^^^^^^^^^^^^^^
    ...<22 lines>...
                symbols_scanned = %s,
    
  File "D:\Python\Lib\site-packages\pg8000\legacy.py", line 283, in execute
    raise cls(msg)
pg8000.dbapi.ProgrammingError: {'S': 'ОШИБКА', 'V': 'ERROR', 'C': '23514', 'M': 'новая строка в отношении "scanner_setup" нарушает ограничение-проверку "scanner_setup_status_chk"', 'D': 'Ошибочная строка содержит (3ccd9976-35de-4013-8c2a-ad826a1bb0cf, TREND_PULLBACK, 1.0.0, 1, LONG, 1h, 15m, 5m, 2026-08-25 14:38:28.617925+03, 2026-08-25 14:38:28.617279+03, 79402.3, 78402.15423287914, 79588.37242082352, 78993.197, 80849.7276184608, 81935.29833230641, 25.0, null, READY, ["HTF_CONTEXT", "ACCEPTABLE_STOP"], {"rsi_cool": true, "htf_context": true, "pullback_to_ema": true,..., 2026-08-25 14:38:28.618936+03, 0, null, null, 2026-08-25 14:38:28.618936+03, null, null, null, null).', 's': 'dds', 't': 'scanner_setup', 'n': 'scanner_setup_status_chk', 'F': 'execMain.c', 'L': '2044', 'R': 'ExecConstraints'}
2026-08-25 14:38:30,635 [INFO] app.scanners.orchestrator: scanner scan=38 symbol=ETHUSDT candidates=1 unique=1
2026-08-25 14:38:30,635 [ERROR] scanner_runner: scan failed for ETHUSDT
Traceback (most recent call last):
  File "D:\Python\Lib\site-packages\pg8000\legacy.py", line 256, in execute
    self._context = self._c.execute_unnamed(
                    ~~~~~~~~~~~~~~~~~~~~~~~^
        statement, vals=vals, oids=self._input_oids, stream=stream
        ^^^^^^^^^^^^^^^^^^^^^^^^^^^^^^^^^^^^^^^^^^^^^^^^^^^^^^^^^^
    )
    ^
  File "D:\Python\Lib\site-packages\pg8000\core.py", line 704, in execute_unnamed
    self.handle_messages(context)
    ~~~~~~~~~~~~~~~~~~~~^^^^^^^^^
  File "D:\Python\Lib\site-packages\pg8000\core.py", line 844, in handle_messages
    raise context.error
pg8000.exceptions.DatabaseError: {'S': 'ОШИБКА', 'V': 'ERROR', 'C': '25P02', 'M': 'текущая транзакция прервана, команды до конца блока транзакции игнорируются', 'F': 'postgres.c', 'L': '1502', 'R': 'exec_parse_message'}

During handling of the above exception, another exception occurred:

Traceback (most recent call last):
  File "D:\py_pro\trad_bot\scanner_runner.py", line 57, in run_scan_cycle
  File "D:\py_pro\trad_bot\app\db\repository.py", line 87, in save_setup
  File "D:\py_pro\trad_bot\app\db\repository.py", line 92, in _save_pg
    if not self._use_pg:
                    ^^^^
  File "D:\py_pro\trad_bot\app\db\repository.py", line 69, in ensure_instrument
    
    
    ...<2 lines>...
    cursor.execute(
    ^^^^^^^^^
  File "D:\Python\Lib\site-packages\pg8000\legacy.py", line 283, in execute
    raise cls(msg)
pg8000.dbapi.ProgrammingError: {'S': 'ОШИБКА', 'V': 'ERROR', 'C': '25P02', 'M': 'текущая транзакция прервана, команды до конца блока транзакции игнорируются', 'F': 'postgres.c', 'L': '1502', 'R': 'exec_parse_message'}
2026-08-25 14:38:30,636 [INFO] scanner_runner: cycle #19 done: 0 setups in 5.8s
2026-08-25 14:43:11,617 [INFO] app.db.repository: scanner repository connected to PostgreSQL (localhost:5432/trad_bot)
2026-08-25 14:43:11,637 [INFO] app.db.repository: scanner schema applied
2026-08-25 14:43:11,637 [INFO] scanner_runner: scanner started: symbols=['BTCUSDT', 'ETHUSDT'] scanners=7 interval=300s
2026-08-25 14:43:15,843 [INFO] scanner_runner: cycle #1 done: 2/2 symbols | 0 setups | 140 active signals | 4.2s
2026-08-25 14:48:18,155 [INFO] app.scanners.orchestrator: scanner scan=4 symbol=ETHUSDT candidates=1 unique=1
2026-08-25 14:48:18,161 [INFO] scanner_runner: ETHUSDT: 1 setups (best: LONG TREND_PULLBACK score=25)
2026-08-25 14:48:18,170 [INFO] scanner_runner: cycle #2 done: 2/2 symbols | 1 setups | 175 active signals | 2.2s
